
> expense-tracker-backend@1.0.0 dev
> nodemon server.js

[33m[nodemon] 3.1.14[39m
[33m[nodemon] to restart at any time, enter `rs`[39m
[33m[nodemon] watching path(s): *.*[39m
[33m[nodemon] watching extensions: js,mjs,cjs,json[39m
[32m[nodemon] starting `node server.js`[39m

❌ Port 5003 is already in use.
   Another backend is already running, or a previous one did not exit.
   Fix: close the other terminal, or run:
   netstat -ano | findstr :5003
   taskkill /PID <pid> /F

[31m[nodemon] app crashed - waiting for file changes before starting...[39m
[32m[nodemon] restarting due to changes...[39m
[32m[nodemon] starting `node server.js`[39m

❌ Port 5003 is already in use.
   Another backend is already running, or a previous one did 
❌ Port 5003 is already in use.
   Another backend is already running, or a previous one did not exit.
   Fix[31m[nodemon] app crashed - waiting for file changes before starting...[39m
[32m[nodemon] restarting due to changes...[39m
[32m[nodemon] starting `node server.js`[39m

❌ Port 5003 is already in use.
   Another backend is already running, or a previous one did 
❌ Port 5003 is already in use.
   Another backend is already running, or a previous one did not exit.
   Fix: close the other terminal, or run:
   netstat -ano | findstr :5003
   taskkil[32m[nodemon] restarting due to changes...[39m
[32m[nodemon] starting `node server.js`[39m

❌ Port 5003 is already in use.
   Another backend is already running, or a previous one did not exit.
   Fix: close the other terminal, or run:
   netstat -ano | findstr :5003
   taskkill
❌ Port 5003 is already in use.
   Another backend is already running, or a previous one did[32m[nodemon] restarting due to changes...[39m
[32m[nodemon] starting `node server.js`[39m

❌ Port 5003 is already in use.
   Another backend is already running, or a previous one did not exit.
   Fix: close the other terminal, or run:
   netstat -ano | findstr :5003
   taskkill
❌ Port 5003 is already in use.
   Another backend is already running, or a previous one did[32m[nodemon] restarting due to changes...[39m
[32m[nodemon] starting `node server.js`[39m
[32m[nodemon] restarting due to changes...[39m
file:///C:/Users/Deep%20Soni/Desktop/expense%20tracker%20(1)/backend/controllers/scanController.js:29
`;}
  ^

SyntaxError: Missing catch or finally after try
    at compileSourceTextModule (node:internal/modules/esm/utils:318:16)
    at ModuleLoader.moduleStrategy (node:internal/modules/esm/translators:111:18)
    at #translate (node:internal/modules/esm/loader:473:20)
    at afterLoad (node:internal/modules/esm/loader:529:29)
    at ModuleLoader.loadAndTranslate (node:internal/modules/esm/loader:534:12)
    at #getOrCreateModuleJobAfterResolve (node:internal/modules/esm/loader:571:36)
    at afterResolve (node:internal/modules/esm/loader:624:52)
    at ModuleLoader.getOrCreateModuleJob (node:internal/modules/esm/loader:630:12)
    at ModuleJob.syncLink (node:internal/modules/esm/module_job:143:33)
    at ModuleJob.link (node:internal/modules/esm/module_job:228:17)

Node.js v24.13.0
[32m[nodemon] starting `node server.js`[39m
file:///C:/Users/Deep%20Soni/Desktop/expense%20tracker%20(1)/backend/controllers/scanController.js:29
`;}
  ^

SyntaxError: Missing catch or finally after try
    at co[32m[nodemon] restarting due to changes...[39m
[32m[nodemon] starting `node server.js`[39m
[32m[nodemon] restarting due to changes...[39m
[32m[nodemon] starting `node server.js`[39m

❌ Port 5003 is already in use.
   Another backend is already running, or a previous one did not exit.
   Fix: close the other terminal, or run:
   netstat -ano | findstr :5003
   taskkill /PID <pid> /F

[31m[nodemon] app crashed - waiting for file changes before starting...[39m
[32m[nodemon] restarting due to changes...[39m
[32m[nodemon] starting `node server.js`[39m
[32m[nodemon] restarting due to changes...[39m

❌ Port 5003 is already in use.
   Another backend is already running, or a previous one did not exit.
   Fix: close the other terminal, or run:
   netstat -ano | findstr :5003
   taskkill /PID <pid> /F

[32m[nodemon] starting `node server.js`[39m

❌ Port 5003 is already in use.
   Another backend is already running, or a previous one did not exit.
   Fix: close the other terminal, or run:
   netstat -ano | findstr :5003
   taskkill /PID <pid> /F

[31m[nodemon] app crashed - waiting for file changes before starting...[39m
[32m[nodemon] restarting due to changes...[39m
[32m[nodemon] starting `node server.js`[39m

❌ Port 5003 is already in use.
   Another backend is already running, or a previous one did not exit.
   Fix: close the other terminal, or run:
   netstat -ano | findstr :5003
   taskkill /PID <pid> /F

[31m[nodemon] app crashed - waiting for file changes before starting...[39m
[32m[nodemon] restarting due to changes...[39m
[32m[nodemon] starting `node server.js`[39m

❌ Port 5003 is already in use.
   Another backend is already running, or a previous one did not exit.
   Fix: close the other terminal, or run:
   netstat -ano | findstr :5003
   taskkill /PID <pid> /F

[31m[nodemon] app crashed - waiting for file changes before starting...[39m
[32m[nodemon] restarting due to changes...[39m
[32m[nodemon] starting `node server.js`[39m

❌ Port 5003 is already in use.
   Another backend is already running, or a previous one did not exit.
   Fix: close the other terminal, or run:
   netstat -ano | findstr :5003
   taskkill /PID <pid> /F

[31m[nodemon] app crashed - waiting for file changes before starting...[39m
[32m[nodemon] restarting child process[39m
[32m[nodemon] starting `node server.js`[39m
[31m[nodemon] app crashed - waiting for file changes before starting...[39m
eady running, or a previous one did not exit.
   Fix: close the other terminal, or run:
   netstat -ano | findstr :5003
   taskkill /PID <pid> /F

[31m[nodemon] app crashed - waiting for file changes before starting...[39m
[32m[nodemon] restarting due to changes...[39m
[32m[nodemon] starting `node server.js`[39m

❌ Port 5003 is already in use.
   Another backend is already running, or a previous one did not exit.
   Fix: close the other terminal, or run:
   netstat -ano | findstr :5003
   taskkill /PID <pid> /F

[31m[nodemon] app crashed - waiting for file changes before starting...[39m
